../Core/Src/main.c:102:5:main	8	static
../Core/Src/main.c:153:6:SystemClock_Config	88	static
../Core/Src/main.c:211:13:MX_ETH_Init	8	static
../Core/Src/main.c:260:13:MX_I2C1_Init	8	static
../Core/Src/main.c:308:13:MX_SPI1_Init	8	static
../Core/Src/main.c:348:13:MX_TIM3_Init	48	static
../Core/Src/main.c:397:13:MX_USART3_UART_Init	8	static
../Core/Src/main.c:432:13:MX_USB_OTG_FS_PCD_Init	8	static
../Core/Src/main.c:467:13:MX_GPIO_Init	64	static
../Core/Src/main.c:561:6:Error_Handler	4	static,ignoring_inline_asm
